# serializer version: 1
# name: test_basic_operation
  '''
                      Issue data for TEST-1234                     
  ┏━━━━━━━━━━━━━━━┳━━━━━━━━━━━━━━━━━━━━━━━━━━━━━━━━━━━━━━━━━━━━━━━┓
  ┃           Key ┃ Value                                         ┃
  ┡━━━━━━━━━━━━━━━╇━━━━━━━━━━━━━━━━━━━━━━━━━━━━━━━━━━━━━━━━━━━━━━━┩
  │    idReadable │ TEST-1234                                     │
  ├───────────────┼───────────────────────────────────────────────┤
  │ reporter_name │ testuser                                      │
  ├───────────────┼───────────────────────────────────────────────┤
  │   description │ Test Description                              │
  ├───────────────┼───────────────────────────────────────────────┤
  │           url │ http://youtrack-test/youtrack/issue/TEST-1234 │
  └───────────────┴───────────────────────────────────────────────┘
  
  '''
# ---
# name: test_help
  '''
  Usage: cli [OPTIONS] COMMAND [ARGS]...
  
    Top-level command group, for global args.
  
  Options:
    --verbose     Log verbosely
    --url TEXT    Explicit youtrack url. Can be configured here, or via
                  environment variable YOUTRACK_URL, or via 'git config
                  youtrack.url'.
    --token TEXT  Explicit youtrack token. Can be configured here, or via
                  environment variable YOUTRACK_TOKEN, or via 'git config
                  youtrack.token'.
    --version     Show the version and exit.
    --help        Show this message and exit.
  
  Commands:
    get  Fetch a ticket by id.
  
  '''
# ---
# name: test_version
  '''
  cli, version 0.1.0
  
  '''
# ---
